// Jest Snapshot v1, https://goo.gl/fbAQLP

exports[`Hello, Enzyme! renders 1`] = `
<div>
  <h1>
    Hello from React World
  </h1>
  <Component />
</div>
`;
